
> build
> next build

  Γû▓ Next.js 14.2.30

   Linting and checking validity of types ...
node.exe : 
At C:\Users\ngaremu
ki\nvm\nodejs\bin\n
pm.ps1:16 char:5
+     & "$basedir/n
ode$exe"  "$basedir
/node_modules/npm/b
in/npm-cli.js" ...
+     ~~~~~~~~~~~~~
~~~~~~~~~~~~~~~~~~~
~~~~~~~~~~~~~~~~~~~
~~~~~~~~~~~~~~
    + CategoryInfo 
             : No  
  tSpecified: (:   
 String) [], Re    
moteException
    + FullyQualifi 
   edErrorId : Na  
  tiveCommandErr   
 or
 
Failed to compile.

./components/Header
/Header.js
96:11  Error: Do 
not use an `<a>` 
element to 
navigate to `/`. 
Use `<Link />` 
from `next/link` 
instead. See: https
://nextjs.org/docs/
messages/no-html-li
nk-for-pages  @next
/next/no-html-link-
for-pages

./components/Projec
ts/Projects.js
131:11  Error: Do 
not use an `<a>` 
element to 
navigate to 
`/projects/`. Use 
`<Link />` from 
`next/link` 
instead. See: https
://nextjs.org/docs/
messages/no-html-li
nk-for-pages  @next
/next/no-html-link-
for-pages

./components/ReactB
its/CardSwap.js
42:9  Warning: The 
'config' 
conditional could 
make the 
dependencies of 
useEffect Hook (at 
line 157) change 
on every render. 
Move it inside the 
useEffect 
callback. 
Alternatively, 
wrap the 
initialization of 
'config' in its 
own useMemo() 
Hook.  react-hooks/
exhaustive-deps
64:5  Warning: 
React Hook useMemo 
has a missing 
dependency: 
'childArr'. Either 
include it or 
remove the 
dependency array.  
react-hooks/exhaust
ive-deps

info  - Need to 
disable some 
ESLint rules? 
Learn more here: ht
tps://nextjs.org/do
cs/basic-features/e
slint#disabling-rul
es
